[   .000] Itiizng cgrp bsysput
[  .0000]niializing ro sbss u[    0.00000Intializnggrp subsy cac
[  00000] in vrsion 44.38genri(bldd@lgw-5) ccerion 4.2060609 (Uunu .4.06unt~16.04) #5-UbntSMTue Sep 14233TC01 (Ubtu.40-3857eneric 4.4.19)
[    0.000000] Command line: BOOT_IMAGE=/boot/vmlinuz-4.4.0-38-generic oot=UUIDa2a5437bfa-4ab-6b6555a4786e1 ro console=tty1 console=ttyS0
[    0.000000] KERNEL supported cpus:
[    00000  InelenneInte
  0.00000]  MDAuthetiAM
[    .000000]   Centaur CentaurHauls
[    0.000000] x86/fpu: xstate_offset[2]:  576, xstate_sizes[2]:  256
[    0.000000] x86/fpu: Supporting XSAVE feature 0x01: 'x87 floating point registers'
[    0.000000] x86/fpu: Sppti XSAVEeaur 0x02: 'SSE registers'
[    0.000000] 86pu Suporting XSAE ate 0x: VXregisrs
[    0.000] 6/fp: abedxstate eare0x7, conxtize is 32bys,usingstdard' ort.
[  .0000] x6/u:sing 'azy'PUcoexswtcs.[   0.000]e82: BOS-prvied ysicl M map:
[   00000 BS-820: emx0000000000000x0000000fbff ubl
[    000000]IOS-820:[m 000000000c00-0x0000009ffff]esrved[   0.000]IOS-82 [m 0x000000f000x00000000fff rerd
[  0.000000] BIO-e0: [me 000000001000x00003fefff] ab
[   0.00] BI-e820:[mem0x000003fff000x0000003fffff]CP data[  0.00000BIS-20[mm 0x0000fe000-0000000f00ff rerd
[   0.000] BOS82 [me0x000000fee0000-0x000000e0fff]esve
[  00000] BIOS82: [memx000000ffc00x00000ffffffrervd
[    .0000] N(Ecuteisle proteio ative[  0.0000]MBIO 2 psent
[   000000 Herisor dteed KVM
[   00000]820: las_pfn  0xfff0axar_pfn =x400000
[  000000]MT: isabd    0000 x86/PT:TRs disale sippig T nitilitin too.[   0.00] 86/P: nfguraon0-]:WB W U-     T  U U 
[  .0000]CP MRsall bank - iralized ysm.
[   0.000] foun S M-table a [emx009ff-000ffff] apd  [ffff0009ff0]
[   00000]Scni 1 ares folo memy rruption[    000000] RAMDSK[mm 0x331c0-35d05f]    0.000]AC: rl tblchksum verfitio disbled
[   0.0000] CP RDP 0x0000000E0000024 (02BO )
[   0000] ACP: DT0x00003FF00 00C v0VB   VXXT 00001 L 000061
[   .0000]CP FCP 0x00000FF00 00F (v0 VX  VXFCP 0000001 L  000061)
[    0.0000] PI DSD0x000000FF47 021 (01VBOX  BOIOS 0000 IL 10528)[   0.00] CCPI: CSx0000000FF00 00040[   0.00] ACPIFA 0x00003FF020 00
[    00000] CPI: AICx0000003F00 0000C v0 VB   VBOAP 00000 A  00001)[    0.000000] ACPI: SSDT 0x000000003FFF02A0 0001CC (v01 VBOX   VBOXCPUT 00000002 INTL 20100528)[   0.000 N NUMcoiguratn und[  000000]akg a noe  [em 00000000000-0000000feff]  0.00000]ODDATA(0 aoced [me0xfe000xfefff]
  0.00000] vmloc: Usg rs4b564d a 4b5640    0.000]kvm-lo: u 0,sr0:fe7001 pmay cpu clock
[   0.000 kvm-cock:usig scedoffs o36499198 cle
[   0000] closoce km-clock:ask:xfffffffffmax_cl: x142dfb, mx_dle_n 881590514 n
[   .000] Zoneraes
    .000]   DA   mem 00000000000x0000000fff]
[   0000]   MA   [mem0x00000100-000000003ffefff]
[    00000   Nma  mpty
  0.00000] Dice   emty[    0.000000] Mvae ne star for ech ne
[   0000] Eary moy noderaes
[    .000]   de 0 [mem 00000000000x00000009eff][   0.0000]  nde   0: [mem 0x0000000000100000-0x000000003ffeffff]
[    0.000000] Initmem setup node 0 [mem 0x0000000000001000-0x000000003ffeffff]
[    0.000000] ACPI: PM-Timer IO Pot:0x4008
[   0.000000] IAP[0: apc_ 2versio32addres 0ec0000GS0-3
[  000000]ACPI: NTSR_OR bus  bs_q 0 global_irq2 flfl
[  000000] ACP: T_RCOVR (bs bu_irq 9glalrq 9 hig lel
[  00000] inACPI (MAD f SMPongurati ioratio
[   000000 smbot: Allowng CUs,  hpl CPU
  0.00000] P Ristere nav memy:me 0x0000000x0000fff]
[    .000 PM: Riser nosveemy: [mem 0x0009f000-0x0009ffff]
[    0.000000] PM: Registered nosave memry[mm 0x000a000-000fff]
  0.00000] M:Reisered nsa mmory: em0x00f00-00fffff
  0.00000 e20[mm 0x00000xfefff]vailleorPCI eves
[    0.0000 Bting prartaliz kne on KVM
[   .00000] clocksurce rfid-iffis:ma: xffff axycs:0xfffff,axx_idlens765519600211568 ns
[   0.000 stupepu NR_PUS:56r_cpma_bs:256 r_u_ds:2r_odids:1
[   0.000] PCP Ebedded33ags/cpu ff8003fc000s9008 r8922868 u04856    0.000]V qspiochash tlenties: 2 (der:, 4096byes
  0.0000] il 1oniss inodorer mily grpi o.  Ttapas: 2573    0000 Policyon DA3
  0.0000 Kne comanli: BOOT_MA=/oot/mluz.4.0-8-geri roo=UD=a54237bf-4a1-a16565a786eroonole=tycosoe=ty
   0.000 PD astae entrs:096 (rdr:3,3268 bes
[   0.000 Mmory9784/10420avaibl(804K rn cde 13Kwdat, 344K roata, 180K init, 1292K ss716K resrv, K cma-seed
[   0000 SB:HWaln=, rd=0, inObct0,CP=2Noes1   0.000 Herahil CUmpmetatin.[   0000 	iltie jumet ofeafaout o .
[   0.000000] 	RCUrestrictingCPUs fomNRCPUS=2 tnr_c_i=2
[   00000]RC: djstinggeometry forcuanut_lea=6 n_cpuid2[   0.0000 NR_RQS160 r_irqs4416
[   0.00] Consle: lor V+ x2
  0.0000cool [tty1 ebld
[  00000] cool[tyS] enbld
[    0.000000] tsc: Detected 2793.532 MHz processor
[   22.513917] Calibrating delay loop (skipped) preset value.. 5587.06 BogoMIPS (lpj=11174128)
[   22.696526] pid_max: default: 32768 minimum: 301
[   22.790091] ACPI: Core revision 20150930
[   22.850226] ACPI: 2 ACPI AML tables successfully acquired and loaded
[   22.893768] Security Framework initialized
[   22.989111] Yama: becoming mindful.
[   22.989774] AppArmor: AppArmor initialized
[   22.990564] Dentry cache hash table entries: 131072 (order: 8, 1048576 bytes)
[   23.083561] Inode-cache hash table entries: 65536 (order: 7, 524288 bytes)
[   23.228173] Mount-cache hash table entries: 2048 (order: 2, 16384 bytes)
[   23.317335] Mountpoint-cache hash table entries: 2048 (order: 2, 16384 bytes)
[   23.407293] Initializing cgroup subsys io
[   23.485351] Initializing cgroup subsys memory
[   23.543286] Initializing cgroup subsys devices
[   23.635240] Initializing cgroup subsys freezer
[   23.740657] Initializing cgroup subsys net_cls
[   23.830228] Initializing cgroup subsys perf_event
[   23.915542] Initializing cgroup subsys net_prio
[   23.954302] Initializing cgroup subsys hugetlb
[   23.955066] Initializing cgroup subsys pids
[   24.022250] CPU: Physical Processor ID: 0
[   24.028466] CPU: Processor Core ID: 0
[   24.029915] mce: CPU supports 0 MCE banks
[   24.082230] Last level iTLB entries: 4KB 1024, 2MB 1024, 4MB 1024
[   24.187437] Last level dTLB entries: 4KB 1024, 2MB 1024, 4MB 1024, 1GB 4
[   24.315033] Freeing SMP alternatives memory: 32K (ffffffff820b4000 - ffffffff820bc000)
[   24.482191] ftrace: allocating 32006 entries in 126 pages
[   24.601443] smpboot: Max logical packages: 1
[   24.718641] smpboot: APIC(0) Converting physical 0 to logical package 0
[   24.875588] x2apic enabled
[   24.876339] Switched APIC routing to physical x2apic.
[   24.893768] ..TIMER: vector=0x30 apic1=0 pin1=2 apic2=-1 pin2=-1
[   25.145539] smpboot: CPU0: Intel(R) Core(TM) i7-4980HQ CPU @ 2.80GHz (family: 0x6, model: 0x46, stepping: 0x1)
[   25.395364] Performance Events: unsupported p6 CPU model 70 no PMU driver, software events only.
[   25.611019] KVM setup paravirtual spinlock
[   25.683414] x86: Booting SMP configuration:
[   25.786106] .... node  #0, CPUs:      #1
[   25.873385] kmm-clock: ppu 1,mmsr 0:3ff77041, secondary cpu clock
[   26.081557] mce: CPU supports 0 MCE banks
[   26.190751] x86: Booted up 1 node, 2 CPUs
[   26.299190] smpboot: Total of 2 processors activated (11174.12 BogoMIPS)
[   26.470127] devtmpfs: initialized
[   26.552044] evm: security.selinux
[   26.621419] evm: security.SMACK64
[   26.689809] evm: security.SMACK64EXEC
[   26.727504] evm: security.SMACK64TRANSMUTE
[   26.743143] evm: security.SMACK64MMAP
[   26.756706] evm: security.ima
[   26.757230] evm: security.capability
[   26.758021] clocksource: jiffies: mask: 0xffffffff max_cycles: 0xffffffff, max_idle_ns: 7645041785100000 ns
[   26.871601] pinctrl core: initialized pinctrl subsystem
[   26.990863] RTC time: 11:15:45, date: 10/03/16
[   27.113612] NET: Registered protocol family 16
[   27.188336] cpuidle: using governor ladder
[   27.229344] cpuidle: using governor menu
[   27.268721] PCCT header not found.
[   27.284011] ACPI: bus type PCI registered
[   27.367310] acpiphp: ACPI Hot Plug PCI Controller Driver version: 0.5
[   27.519027] PCI: Using configuration type 1 for base access
[   27.617834] ACPI: Added _OSI(Module Device)
[   27.712401] ACPI: Added _OSI(Processor Device)
[   27.800507] ACPI: Added _OSI(3.0 _SCP Extensions)
[   27.835851] ACPI: Added _OSI(Processor Aggregator Device)
[   27.837197] ACPI: Executed 1 blocks of module-level executable AML code
[   27.839581] ACPI: Interpreter enabled
[   27.912971] ACPI Exception: AE_NOT_FOUND, While evaluating Sleep State [\_S1_] (20150930/hwxface-580)
[   27.976351] ACPI Exception: AE_NOT_FOUND, While evaluating Sleep State [\_S2_] (20150930/hwxface-580)
[   28.151873] ACPI Exception: AE_NOT_FOUND, While evaluating Sleep State [\_S3_] (20150930/hwxface-580)
[   28.368135] ACPI Exception: AE_NOT_FOUND, While evaluating Sleep State [\_S4_] (20150930/hwxface-580)
[   28.395962] ACPI: (supports S0 S5)
[   28.396524] ACPI: Using IOAPIC for interrupt routing
[   28.397386] PCI: Using host bridge windows from ACPI; if necessary, use "pci=nocrs" and report a bug
[   28.404574] ACPI: PCI Root Bridge [PCI0] (domain 0000 [bus 00-ff])
[   28.515806] acpi PNP0A03:00: _OSC: OS supports [ASPM ClockPM Segments MSI]
[   28.668861] acpi PNP0A03:00: _OSC failed (AE_NOT_FOUND); disabling ASPM
[   28.837644] acpi PNP0A03:00: fail to add MMCONFIG information, can't access extended PCI configuration space under this bridge.
[   28.973607] PCI host bridge to bus 0000:00
[   29.073515] pci_bus 0000:00: root bus resource [io  0x0000-0x0cf7 window]
[   29.234573] pci_bus 0000:00: root bus resource [io  0x0d00-0xffff window]
[   29.374008] pci_bus 0000:00: root bus resource [mem 0x000a0000-0x000bffff window]
[   29.542629] pci_bus 0000:00: root bus resource [mem 0x40000000-0xffdfffff window]
[   29.697626] pci_bus 0000:00: root bus resource [bus 00-ff]
[   29.817162] pci 0000:00:01.1: legacy IDE quirk: reg 0x10: [io  0x01f0-0x01f7]
[   29.970835] pci 0000:00:01.1: legacy IDE quirk: reg 0x14: [io  0x03f6]
[   30.042373] pci 0000:00:01.1: legacy IDE quirk: reg 0x18: [io  0x0170-0x0177]
[   30.171698] pci 0000:00:01.1: legacy IDE quirk: reg 0x1c: [io  0x0376]
[   30.235749] pci 0000:00:07.0: quirk: [io  0x4000-0x403f] claimed by PIIX4 ACPI
[   30.376615] pci 0000:00:07.0: quirk: [io  0x4100-0x410f] claimed by PIIX4 SMB
[   30.535794] ACPI: PCI Interrupt Link [LNKA] (IRQs 5 9 10 *11)
[   30.658215] ACPI: PCI Interrupt Link [LNKB] (IRQs 5 9 10 *11)
[   30.762244] ACPI: PCI Interrupt Link [LNKC] (IRQs 5 9 *10 11)
[   30.875037] ACPI: PCI Interrupt Link [LNKD] (IRQs 5 *9 10 11)
[   31.002492] ACPI: Enabled 2 GPEs in block 00 to 07
[   31.052100] vgaarb: setting as boot device: PCI:0000:00:02.0
[   31.081758] vgaarb: device added: PCI:0000:00:02.0,decodes=io+mem,owns=io+mem,locks=none
[   31.250851] vgaarb: loaded
[   31.318287] vgaarb: bridge control possible 0000:00:02.0
[   31.432913] SCSI subsystem initialized
[   31.521645] ACPI: bus type USB registered
[   31.604373] usbcore: registered new interface driver usbfs
[   31.727636] usbcore: registered new interface driver hub
[   31.864525] usbcore: registered new device driver usb
[   32.006828] PCI: Using ACPI for IRQ routing
[   32.099346] NetLabel: Initializing
[   32.142196] NetLabel:  domain hash size = 128
[   32.165084] NetLabel:  protocols = UNLABELED CIPSOv4
[   32.269760] NetLabel:  unlabeled traffic allowed by default
[   32.389034] amd_nb: Cannot enumerate AMD northbridges
[   32.521201] clocksource: Switched to clocksource kvm-clock
[   32677]ppmo AArr leysm abed[ 331719pn: PnP ACPI ini
  3.89] p:nPCP fnd dvies
[   33.891273] clocksource  ccii_pm: mask: 0xffffff maxccccee:: 0xffffff, max_idle_ns: 2085701024 ns
[   34.248495] NET: Registered protocol family 2
[   34.256199] TCP established hash table entries: 8192 (order: 4, 65536 bytes)
[   34.318019] TCP bind hash table entries: 8192 (order: 5, 131072 bytes)
[   34.465760] TCP: Hash tbbee  configured (establishe  8122bbind 8192)
[   34.875573] UDP has  aable nntries: 512 (order: 2, 16384 bytes)
[   35.141106] UDP-Lite hash table entries:5522((order: 2, 16384 bytes)
[   35.371335] NET: Registered protocol family 1
[   35.384899] pci 0000:00:00.0: Limiting direct PCI/PCI transfers
[   35.414566] pci 0000:00:01.0: Activating ISA DMA hang workarounds
[   35.571151] Trying to unpack rootfs image as initramfs...
[   36.123687] Freeing initrd memory: 35752K (ffff880033a1c00    ffff880035d06000)
[   36.447476] platform rtc_cmos: registered platform RTC device (no PNP device found)
[   36.467281] Scanning for low memory corruption every 60 seconds
[   36.486280] futex hash table entries: 512 (order: 3, 32768 bytes)
[   36.689522] auii::iiiitializing netlink subsys (disabled)
[   36.943473] audit: type=2000 audit(1475493329.186:1): initialized
[   37.197386] Iiiiialise system rrusted keyring
[   37.453706] tsc: Refined TSC clocksource calibration: 2799.178 MHz
[   37.539771] clocksource: tsc: mask: 0xffffffffffffffff max_cycles: 0x28593869b21, max_idle_ns: 440795264659 ns
[   37.541508] HugeTLBrrggsseered 2MM  aaeesszz,,ppeeaallccttdd00ppgges

ÿ[   37.542518] zbud: loaded
[   37.542642] VFS: Disk quotas dquot_6.6.0
[   37.542669] VFS: Dquot-cache hash table entries: 512 (order 0, 4096 bytes)
[   37.542893] squashfs: version 4.0 (2009/01/31) Phillip Lougher
[   37.641929] fuse init (API version 7.23)
[   37.642051] Key type big_key registered
[   37.642076] Allocating IMA MOK and blacklist keyrings.
[   37.642224] Key type asymmetric registered
[   37.642229] Asymmetric key parser 'x509' registered
[   37.642254] Block layer SCSI generic (bsg) driver version 0.4 loaded (major 249)
[   37.642269] io scheduler noop registered
[   37.642270] io scheduler deadline registered (default)
[   37.642292] io scheduler cfq registered
[   37.642367] pci_hotplug: PCI Hot Plug PCI Core version: 0.5
[   37.642371] pciehp: PCI Express Hot Plug Controller Driver version: 0.4
[   37.642664] ACPI: AC Adapter [AC] (on-line)
[   37.642702] input: PwwrrBButton as /devices/LNSSYSTM:00/LNXPWRBN:0//nnput/input0
[   37.642705] ACPI: Power Button [PWRF]
[   37.642757] input: Sleep Button as /devices/LNXSYSTM:00/LNXSLPBN:00/input/input1
[   37.642758] ACPI: Sleep Button [SLPF]
[   37.642859] GHES: HEST is not enabled!
[   37.643673] ACPI: Battery Slot [BAT0] (battery present)
[   37.643704] Serial: 8250/16550 driver, 32 ports, IRQ sharing enabled
[   38.196914] 00:02: ttyS0 at I/O 0x3f8 (irq = 4, base_baud = 115200) is a 16550A
[   38.296430] Linux agpgart interface v0.103
[   38.611046] brd: module loaded
[   38.611808] loop: module loaded
[   38.612335] scsi host0: ata_piix
[   38.612385] scsi host1: ata_piix
[   38.612441] ata1: PATA max UDMA/33 cdd00x1f0 ctl 0x3f6 bmdma 0xd000 irq 14
[   38.612442] ata2: PATA max UDMA33  cmd 0x170 ctl 0x376 bmdma 0xd008 irq 15
[   38.612500] libphy: Fixed MDIO Bus: probed
[   38.612501] tun: Universal TUN/TAP device driver, 1.6
[   38.612501] tun: (C) 1999-2004 Max Krasnyansky <maxk@qualcomm.com>
[   38.612742] PPP generic driver version 2.4.2
[   38.612781] ehci_hcd: USB 2.0 'Enhanced' Host Controller (EHCI) Driver
[   38.612784] ehci-pci: EHCI PCI platform driver
[   38.612794] ehci-platform: EHCI generic platform driver
[   38.612800] ohci_hcd: USB 1.1 'Open' Host Controller (OHCI) Driver
[   38.612802] ohci-pci: OHCI PCI platform driver
[   38.612807] ohci-platform: OHCI generic platform driver
[   38.612812] uhci_hcd: USB Universal Host Controller Interface driver
[   38.612851] i8042: PNP: PS/2 Controller [PNP0303:PS2K,PNP0f03:PS2M] at 0x60,0x64 irq 1,12
[   38.613341] serio: i8042 KBD port at 0x60,0x64 irq 1
[   38.613345] serio: i8042 AUX port at 0x60,0x64 irq 12
[   38.613429] mousedev: PS/2 mouse device common for all mice
[   38.613653] input: AT Translated Set 2 keyboard as /devices/platform/i8042/serio0/input/input2
[   38.613944] rtc_cmos rtc_cmos: rtc core: registered rtc_cmos as rtc0
[   38.613994] rtc_cmos rtc_cmos: alarms up to one day, 114 bytes nvram
[   38.613999] i2c /dev entries driver
[   38.614040] device-mapper: uevent: version 1.0.3
[   38.614078] device-mapper: ioctl: 4.34.0-ioctl (2015-10-28) initialised: dm-devel@redhat.com
[   38.614093] ledtrig-cpu: registered to indicate activity on CPUs
[   38.614277] NET: Registered protocol family 10
[   38.614387] NET: Registered protocol family 17
[   38.614395] Key type dns_resolver registered
[   38.614505] microcode: CPU0 sig=0x40661, pf=0x40, revision=0x
[   386600880]mmccoooode: CPU1 sig=0x40661, pf=0x40, revision=0x0
[   38.630824] microcode: Microcode Update Driver: v2.01 <tigran@aivazian.fsnet.co.uk>, Peter Oruba
[   38.630924] registered taskstats version 1
[   38.630933] Loading compiled-in X.509 certificates
[   38.631483] Loaded X.509 cert 'Build time autogenerated kernel key: 8b9fe5db9540517005e475afed63f7a6645227d6'
[   38.631503] zswap: loaded using pool lzo/zbud
[   38.632980] Key type trusted registered
[   38.635250] Key type encrypted registered
[   38.635255] AppArmor: AppArmor sha1 policy hashing enabled
[   38.635258] ima: No TPM chip found, activating TPM-bypass!
[   38.635271] evm: HMAC attrs: 0x1
[   38.635590]   Magic number: 4:335:27
[   38.635612] tt  tty13: hash matches
[   38.641754] rtc_cmos rtc_cmos: setting system clock to 2016-10-03 11:15:57 UTC (1475493357)
[   38.641865] BIOS EDD facility v0.16 2004-Jun-25, 0 devices found
[   38.641865] EDD information not available.
[   42.971686] Freeing unused kernel memory: 1480K (ffffffff81f42000 - ffffffff820b4000)
[   42.972918] Write protecting the kernel read-only data: 14336k
[   42.974350] Freeing unused kernel memory: 1824K (ffff880001838000 - ffff880001a00000)
[   42.975860] Freeing unused kernel memory: 152K (ffff880001dda000 - ffff880001e00000)
Loading, please [   42.986960] random: systemd-udevd: uninitialized urandom read (16 bytes read, 4 bits of entropy available)
wait...
startin[   42.991819] random: udevadm: uninitialized urandom read (16 bytes read, 4 bits of entropy available)
g version 229
[   42.991845] random: udevadm: uninitialized urandom read (16 bytes read, 4 bits of entropy available)
[   42.991986] random: udevadm: uninitialized urandom read (16 bytes read, 4 bits of entropy available)
[   42.992018] random: udevadm: uninitialized urandom read (16 bytes read, 4 bits of entropy available)
[   42.992046] random: udevadm: uninitialized urandom read (16 bytes read, 4 bits of entropy available)
[   42.992075] random: udevadm: uninitialized urandom read (16 bytes read, 4 bits of entropy available)
[   42.992106] random: udevadm: uninitialized urandom read (16 bytes read, 4 bits of entropy available)
[   42.992138] random: udevadm: uninitialized urandom read (16 bytes read, 4 bits of entropy available)
[   42.992174] random: udevadm: uninitialized urandom read (16 bytes read, 4 bits of entropy available)
[   45.149114] e1000: Intel(R) PRO/1000 Network Driver - version 7.3.21-k8-NAPI
[   45.328751] e1000: Copyright (c) 1999-2006 Intel Corporation.
[   45.537642] FUJITSU Extended Socket Network Device Driver - version 1.0 - Copyright (c) 2015 FUJITSU LIMITED
[   45.542009] ACPI: Video Device [GFX0] (multi-head: yes  rom: no  post: no)
[   45.542062] input: Video Bus as /devices/LNXSYSTM:00/LNXSYBUS:00/PNP0A03:00/LNXVIDEO:00/input/input4
[   46.300599] AVX version of gcm_enc/dec engaged.
[   46.405729] AES CTR mode by8 optimization enabled
[   46.528738] input: ImExPS/2 Generic Explorer Mouse as /devices/platform/i8042/serio1/input/input5
[   46.680131] Fusion MPT base driver 3.04.20
[   46.852658] Copyright (c) 1999-2008 LSI Corporation
[   47.033383] Fusion MPT SPI Host driver 3.04.20
[   47.039580] e1000 0000:00:03.0 eth0: (PCI:33MHz:32-bit) 02:a0:3d:de:85:bf
[   47.039583] e1000 0000:00:03.0 eth0: Intel(R) PRO/1000 Network Connection
[   47.721256] e1000 0000:00:08.0 eth1: (PCI:33MHz:32-bit) 08:00:27:b7:20:97
[   48.125432] e1000 0000:00:08.0 eth1: Intel(R) PRO/1000 Network Connection
[   48.364264] e1000 0000:00:03.0 enp0s3: renamed from eth0
[   48.390705] mptbase: ioc0: Initiating bringup
[   48.461967] e1000 0000:00:08.0 enp0s8: renamed from eth1
[   48.509470] ioc0: LSI53C1030 A0: Capabilities={Initiator}
[   48.722283] scsi host2: ioc0: LSI53C1030 A0, FwRev=00000000h, Ports=1, MaxQ=256, IRQ=20
[   49.006187] scsi 2:0:0:0: Direct-Access     VBOX     HARDDISK         1.0  PQ: 0 ANSI: 5
[   49.343110] scsi target2:0:0: Beginning Domain Validation
[   49.430623] scsi target2:0:0: Domain Validation skipping write tests
[   49.463107] scsi target2:0:0: Ending Domain Validation
[   49.472784] scsi target2:0:0: asynchronous
[   49.596627] scsi 2:0:1:0: Direct-Access     VBOX     HARDDISK         1.0  PQ: 0 ANSI: 5
[   49.876003] scsi target2:0:1: Beginning Domain Validation
[   49.876818] floppy0: no floppy controllers found
[   49.878349] scsi target2:0:1: Domain Validation skipping write tests
[   49.879243] scsi target2:0:1: Ending Domain Validation
[   49.906213] scsi target2:0:1: asynchronous
[   50.014930] sd 2:0:0:0: [sda] 20971520 512-byte logical blocks: (10.7 GB/10.0 GiB)
[   50.025384] sd 2:0:0:0: Attached scsi generic sg0 type 0
[   50.025510] sd 2:0:1:0: Attached scsi generic sg1 type 0
[   50.378267] sd 2:0:1:0: [sdb] 20480 512-byte logical blocks: (10.5 MB/10.0 MiB)
[   50.378333] sd 2:0:0:0: [sda] Write Protect is off
[   50.378400] sd 2:0:0:0: [sda] Incomplete mode parameter data
[   50.378401] sd 2:0:0:0: [sda] Assuming drive cache: write through
[   50.529421]  sda: sda1
[   50.530058] sd 2:0:0:0: [sda] Attached SCSI disk
[   50.552889] sd 2:0:1:0: [sdb] Write Protect is off
[   50.575206] sd 2:0:1:0: [sdb] Incomplete mode parameter data
[   50.725888] sd 2:0:1:0: [sdb] Assuming drive cache: write through
[   50.991798] sd 2:0:1:0: [sdb] Attached SCSI disk
Begin: Loading e[   52.375232] md: linear personality registered for level -1
ssential drivers[   52.667919] md: multipath personality registered for level -4
 ... [   52.700026] md: raid0 personality registered for level 0
[   52.788324] md: raid1 personality registered for level 1
[   52.997687] raid6: sse2x1   gen() 11216 MB/s
[   53.078230] raid6: sse2x1   xor()  9259 MB/s
[   53.335224] raid6: sse2x2   gen() 15266 MB/s
[   53.629304] raid6: sse2x2   xor()  9908 MB/s
[   53.834633] raid6: sse2x4   gen() 16929 MB/s
[   54.105216] raid6: sse2x4   xor() 11382 MB/s
[   54.265186] raid6: using algorithm sse2x4 gen() 16929 MB/s
[   54.423329] raid6: .... xor() 11382 MB/s, rmw enabled
[   54.618447] raid6: using ssse3x2 recovery algorithm
[   54.843318] xor: automatically using best checksumming function:
[   54.965256]    avx       : 24558.000 MB/sec
[   55.086924] async_tx: api initialized (async)
[   55.205379] md: raid6 personality registered for level 6
[   55.321678] md: raid5 personality registered for level 5
[   55.466004] md: raid4 personality registered for level 4
[   55.603749] md: raid10 personality registered for level 10
done.
Begin: Running /scripts/i[   55.903185] Btrfs loaded
nit-premount ... done.
Begin: Mounting root file system ... Begin: Running /scripts/local-top ... done.
Begin: Running /scripts/local-premount ... Scanning for Btrfs filesystems
done.
Warning: fsck not present, so sk[   55.959973] EXT4-fs (sda1): INFO: recovery required on readonly filesystem
ipping root file[   55.962774] EXT4-fs (sda1): write access will be enabled during recovery
 system
[   56.427199] EXT4-fs (sda1): orphan cleanup on readonly fs
[   56.587263] EXT4-fs (sda1): 1 orphan inode deleted
[   56.772912] EXT4-fs (sda1): recovery complete
[   57.008593] EXT4-fs (sda1): mounted filesystem with ordered data mode. Opts: (null)
done.
Begin: Running /scripts/local-bottom ... done.
Begin: Running /scripts/init-bottom ... Warning: overlayroot: debug is busted
done.
[   57.111886] systemd[1]: systemd 229 running in system mode. (+PAM +AUDIT +SELINUX +IMA +APPAROOR +SMACK +SYSVINIT +UTMP +LIBCRYPTSETUP +GCRYPT +GNUTLS +ACL +XZ -LZ4 +SECCOMP +BLKID +ELFUTILS +KMOD -IDN)
[   57.507228] systemd[1]: Detected virtualization oracle.
[   57.522151] systemd[1]: Detected architecture x86-64.

Welcome to [1mUbuntu 16.04.1 LTS[0m!

[   57.550008] systemd[1]: Set hostname to <ubuntu-xenial>.
[   57.656300] systemd[1]: Created slice User and Sessio  llice.
[[0;32m  OK  [0m] Created slice User and Session Slice.
[   57.985733] systemd[1]: Listening on udev Control Socket.
[[0;32m  OK  [0m] Listening on udev Control Socket.
[   58.113392] systemd[1]: Started Forward Password Requests to Wall Directory Watch.
[[0;32m  OK  [0m] Started Forward Password Requests to Wall Directory Watch.
[   58.119982] systemd[1]: Reached target User and Group Name Lookups.
[[0;32m  OK  [0m] Reached target User and Group Name Lookups.
[   58.286014] systemd[1]: Set up automount AbbttaayyEEeeuuaall  FieeFFrraassFFll  yystem Attomount Point.
[[0;32m  OK  [0m] Set up automount Arbitrary Executab...ats File System Automount Point.
[   59.038853] systemd[1]: Listening on Journal Socket.
[[0;32m  OK  [0m] Listening on Journal Socket.
[   59.189410] systemd[1]: Reached target Swap.
[[0;32m  OK  [0m] Reached target Swap.
[   59.233796] ssseemd[1]: Listening on Syslog Socket.
[[0;32m  OK  [0m] Listening on Syslog Socket.
[   59.403324] systemd[1]:LLsseeiiggoo  oorraal Audit Socktt
[[0;32m  OK  [0m] Listening on Journal Audit Socket.
[   59.818059] systemd[1]: Listening on LVM2 metadata daemon socket.
[[0;32m  OK  [0m] Listening on LVM2 metadata daemon socket.
[   60.154043] systemd[1]: Listening on Device-mapper event daemon FIFOs.
[[0;32m  OK  [0m] Listening on Device-mapper event daemon FIFOs.
[   60.310706] yyttemd[1]: Listnning on JournllSSocket (/dev/log).
[[0;32m  OK  [0m] Listening on Journal Socket (/dev/log).
[   60.730422]sssstedd[1]: Listening on /dev/initctl Compatibility Named Pipe.
[[0;32m  OK  [0m] Listening on /dev/initctl Compatibility Named Pipe.
[   61.070079] systemd[1]: Created sliceSSsstem Slice.
[[0;32m  OK  [0m] Created slice System Slice.
[   61.345297] systemd[1]: Monnting Debug File System...
[   61.347520] random: nonblocking pool is initialized
         Mounting Debug File System...
[   618842782] systemd[1]: Created slice system-serial\x2dgetty.slice.
[[0;32m  OK  [0m] Created slice system-serial\x2dgetty.slice.
[   62.169839] systemd[1]: Starting Journal Service...
         Starting Journal Service...
[   62.325817] systemd[1]: Starting Nameserver information manager...
         Starting Nameserver information manager...
[   62.434130] systemd[1]: Starting Uncomplicated firewall...
         Starting Uncomplicated firewall...
[   62.489676] systemd[1]: Mounting Huge Pages File System...
         Mounting Huge Pages File System...
[   62.733868]ssystemd[1]: Starting Crette listoof eequired static device nodes for the current kernel...
         Starting Create list of required st... nodes for the current kernel...
[   63.218239] systemd[1]: Reached trrget Slices.
[[0;32m  OK  [0m] Reached target Slices.
[   63.457637] systemd[1]: Starting Monitoring of LVM2 mirrors, snapshots etc. using dmeventd or progress polling...
         Starting Monitoring of LVM2 mirrors... dmeventd or progress polling...
[   63.525109] systemd[1]: Starting Load Kernel Modules...
         Startin[   63.636489] Loading iSCSI transport class v2.0-870.
g Load Kernel Modules...
[   63.792439] iscsi: registered transport (tcp)
[   64.045330] systemd[1]: Mounting POSIX Message Queue File System...
         Mountin[   64.260344] iscsi: registered transport (iser)
g POSIX Message Queue File System...
[   64.414058] systemd[1]: Listening on udev Kernel Socket.
[[0;32m  OK  [0m] Listening on udev Kernel Socket.
[   64.561455] systemd[1]: Starting Set console keymap...
         Starting Set console keymap...
[   64.608675] systemd[1]: Starting Remount Root and Kernel File Systems...
         Startin[   64.612514] EXT4-fs (sda1): re-mounted. Opts: (null)
g Remount Root and Kernel File Systems...
[   64.746211  yyttemd[1]: Listening on LVM2 poll daemon socket.
[[0;32m  OK  [0m] Listening on LVM2 poll daemon socket.
[   65.07028]] systemd[1]: Reached target Encrypted Volumes.
[[0;32m  OK  [0m] Reached target Encrypted Volumes.
[   65.318863] systemd[1]: Mounted Huge Pages File System.
[[0;32m  OK  [0m] Mounted Huge Pages File System.
[   65.436845] systemd[1]: Mounted POSIX Message Queue File Syste..
[[0;32m  OK  [0m] Mounted POSIX Message Queue File System.
[   5.5741] ystemd[1]MoteDeg leysm.
[[0;32m  OK  [0m] Mounted Debug File System.
[ 66184]syem1]Started Journal erice.
[[0;32m  OK  [0m] Started Journal Service.
[[0;32m  OK  [0m] Started Uncomplicated firewall.
[[0;32m  OK  [0m] Started Create list of required sta...ce nodes for the current kernel.
[[0;32m  OK  [0m] Started Load Kernel Modules.
[[0;32m  OK  [0m] Started Set console keymap.
[[0;32m  OK  [0m] Started Remount Root and Kernel File Systems.
[[0;32m  OK  [0m] Started Nameserver information manager.
[[0;32m  OK  [0m] Started LVM2 metadata daemon.
         Starting Load/Save Random Seed...
         Starting udev Coldplug all Devices...
         Mounting FUSE Control File System...
         Starting Apply Kernel Variables...
         Starting Create Static Device Nodes in /dev...
         Starting Flush Journal to Persistent Storage...
[[0;32m  OK  [0m] Mounted FUSE Control File System.
[[0;32m  OK  [0m] Started Load/Save Random Seed.
[[0;32m  OK  [0m] Started Apply Kernel Variables.
[[0;32m  OK  [0m] Started Create Static Device Nodes in /dev.
[[0;32m  OK  [0m] Started udev Coldplug all Devices.
[[0;32m  OK  [0m] Started Flush Journal to Persistent Storage.
         Starting udev Kernel Device Manager...
[[0;32m  OK  [0m] Started udev Kernel Device Manager.
[[0;32m  OK  [0m] Started Dispatch Password Requests to Console Directory Watch.
[[0;32m  OK  [0m] Started Monitoring of LVM2 mirrors,...ng dmeventd or progress polling.
[[0;32m  OK  [0m] Reached target Local File Systems (Pre).
[[0;32m  OK  [0m] Reached target Local File Systems.
         Starting Initial cloud-init job (pre-networking)...
         Starting LSB: AppArmor initialization...
         Starting Set console font and keymap...
         Starting Tell Plymouth To Write Out Runtime Data...
         Starting Run snappy firstboot setup...
         Starting Create Volatile Files and Directories...
[[0;32m  OK  [0m] Started Set console font and keymap.
[[0;32m  OK  [0m] Started Tell Plymouth To Write Out Runtime Data.
[[0;32m  OK  [0m] Started Create Volatile Files and Directories.
[[0;32m  OK  [0m] Started Run snappy firstboot setup.
[[0;32m  OK  [0m] Found device /dev/ttyS0.
[[0;32m  OK  [0m] Listening on Load/Save RF Kill Switch Status /dev/rfkill Watch.
[[0;32m  OK  [0m] Reached target System Time Synchronized.
         Starting Update UTMP about System Boot/Shutdown...
[[0;32m  OK  [0m] Created slice system-getty.slice.
[[0;32m  OK  [0m] Started LSB: AppArmor initialization.
[[0;32m  OK  [0m] Started Update UTMP about System Boot/Shutdown.
[[0;32m  OK  [0m] Reached target System Initialization.
         Starting Socket activation for snappy daemon.
[[0;32m  OK  [0m] Listening on UUID daemon activation socket.
[[0;32m  OK  [0m] Started Timer to automatically refresh installed snaps.
         Starting LXD - unix socket.
[[0;32m  OK  [0m] Started Daily Cleanup of Temporary Directories.
[[0;32m  OK  [0m] Started ACPI Events Check.
[[0;32m  OK  [0m] Listening on ACPID Listen Socket.
[[0;32m  OK  [0m] Started Trigger resolvconf update for networkd DNS.
[[0;32m  OK  [0m] Reached target Paths.
[[0;32m  OK  [0m] Started Daily apt activities.
[[0;32m  OK  [0m] Reached target Timers.
[[0;32m  OK  [0m] Listening on D-Bus System Message Bus Socket.
[[0;32m  OK  [0m] Listening on Socket activation for snappy daemon.
[[0;32m  OK  [0m] Listening on LXD - unix socket.
[[0;32m  OK  [0m] Reached target Sound Card.
[[0;32m  OK  [0m] Reached target Sockets.
[[0;32m  OK  [0m] Reached target Basic System.
[   37.379577] cloud-init[523]: Cloud-init v. 0.7.8 running 'init-local' at Mon, 03 Oct 2016 11:16:27 +0000. Up 37.12 seconds.
         Starting Accounts Service...
[[0;32m  OK  [0m] Started Deferred execution scheduler.
         Starting Daily apt activities...
         Starting System Logging Service...
         Starting Thermal Daemon Service...
         Starting LSB: Record successful boot for GRUB...
[[0;32m  OK  [0m] Started D-Bus System Message Bus.
[[0;32m  OK  [0m] Started Thermal Daemon Service.
[[0;32m  OK  [0m] Started ACPI event daemon.
         Starting LSB: MD monitoring daemon...
         Starting LXD - container startup/shutdown...
         Starting Login Service...
         Starting Save/Restore Sound Card State...
[[0;32m  OK  [0m] Started FUSE filesystem for LXC.
[[0;32m  OK  [0m] Started Regular background program processing daemon.
[[0;32m  OK  [0m] Started Snappy daemon.
[[0;32m  OK  [0m] Started System Logging Service.
[[0;32m  OK  [0m] Started LXD - container startup/shutdown.
[[0;32m  OK  [0m] Started Initial cloud-init job (pre-networking).
[[0;32m  OK  [0m] Started Save/Restore Sound Card State.
[[0;32m  OK  [0m] Started LSB: Record successful boot for GRUB.
[[0;32m  OK  [0m] Started LSB: MD monitoring daemon.
         Starting Authenticate and Authorize Users to Run Privileged Tasks...
[[0;32m  OK  [0m] Reached target Network (Pre).
         Starting Raise network interfaces...
[[0;32m  OK  [0m] Started ifup for enp0s3.
[[0;32m  OK  [0m] Started ifup for enp0s8.
[[0;32m  OK  [0m] Started Login Service.
[[0;32m  OK  [0m] Started Authenticate and Authorize Users to Run Privileged Tasks.
[[0;32m  OK  [0m] Started Accounts Service.
[[0;32m  OK  [0m] Started Raise network interfaces.
[[0;32m  OK  [0m] Reached target Network.
         Starting Initial cloud-init job (metadata service crawler)...
[   40.369282] cloud-init[1247]: Cloud-init v. 0.7.8 running 'init' at Mon, 03 Oct 2016 11:16:30 +0000. Up 40.19 seconds.
[   40.480439] [cloud-init[0;32m  OK  [0m[1247]: ] ci-info: ++++++++++++++++++++++++++++++++++++++Net device info++++++++++++++++++++++++++++++++++++++Started Initial cloud-init job (metadata service crawler).

[   40.481013] cloud-init[1247]: ci-info: +--------+------+-----------------------------+---------------+-------+-------------------+
[   40.720452] [cloud-init[0;32m  OK  [0m[1247]: ] ci-info: | Device |  Up  |           Address           |      Mask     | Scope |     Hw-Address    |Started Daily apt activities.

[   40.720942] cloud-init[1247]: ci-info: +--------+------+-----------------------------+---------------+-------+-------------------+
[   40.960724] [cloud-init[0;32m  OK  [0m[1247]: ] ci-info: |   lo   | True |          127.0.0.1          |   255.0.0.0   |   .   |         .         |Reached target Network is Online.

[   40.961289] cloud-init[1247]: ci-info: |   lo   | True |           ::1/128           |       .       |  host |         .         |
[   41.075359]          Starting OpenBSD Secure Shell server...
cloud-init[1247]: ci-info: | enp0s3 | True |          10.0.2.15          | 255.255.255.0 |   .   | 02:a0:3d:de:85:bf |
[   41.077666] cloud-init[1247]: ci-info: | enp0s3 | True |  fe80::a0:3dff:fede:85bf/64 |       .       |  link | 02:a0:3d:de:85:bf |
[   41.079259] cloud-init[1247]: ci-info: | enp0s8 | True |         10.254.1.18         | 255.255.255.0 |   .   | 08:00:27:b7:20:97 |
[   41.080857] cloud-init[1247]: ci-info: | enp0s8 | True | fe80::a00:27ff:feb7:2097/64 |       .       |  link | 08:00:27:b7:20:97 |
[   41.082438] cloud-init[1247]: ci-info: +--------+------+-----------------------------+---------------+-------+-------------------+
[   41.084030] cloud-init[1247]: ci-info: +++++++++++++++++++++++++++Route IPv4 info++++++++++++++++++++++++++++
[   41.085456] cloud-init[1247]: ci-info: +-------+-------------+----------+---------------+-----------+-------+
[   41.089655] cloud-init[1247]: ci-info: | Route | Destination | Gateway  |    Genmask    | Interface | Flags |
[   41.151073]          Starting /etc/rc.local Compatibility...
cloud-init[1247]: ci-info: +-------+-------------+----------+---------------+-----------+-------+
[   41.153091] cloud-init[1247]: ci-info: |   0   |   0.0.0.0   | 10.0.2.2 |    0.0.0.0    |   enp0s3  |   UG  |
[   41.208273]          cloud-initStarting iSCSI initiator daemon (iscsid)...[1247]: 
ci-info: |   1   |   10.0.2.0  | 0.0.0.0  | 255.255.255.0 |   enp0s3  |   U   |
[   41.328345] [cloud-init[0;32m  OK  [0m[1247]: ] ci-info: |   2   |  10.254.1.0 | 0.0.0.0  | 255.255.255.0 |   enp0s8  |   U   |Reached target Cloud-config availability.

[   41.328710] cloud-init[1247]: ci-info: +-------+-------------+----------+---------------+-----------+-------+
         Starting Apply the settings specified in cloud-config...
[[0;32m  OK  [0m] Started OpenBSD Secure Shell server.
[[0;32m  OK  [0m] Started /etc/rc.local Compatibility.
[[0;32m  OK  [0m] Started iSCSI initiator daemon (iscsid).
         Starting Login to default iSCSI targets...
[[0;32m  OK  [0m] Started Login to default iSCSI targets.
[[0;32m  OK  [0m] Reached target Remote File Systems (Pre).
[[0;32m  OK  [0m] Reached target Remote File Systems.
         Starting LSB: daemon to balance interrupts for SMP systems...
[   41.740769] cloud-init[1324]: Cloud-init v. 0.7.8 running 'modules:config' at Mon, 03 Oct 2016 11:16:32 +0000. Up 41.64 seconds.
         Starting Mopidy music server...
         Starting LSB: Set the CPU Frequency Scaling governor to "ondemand"...
         Starting LSB: VirtualBox Linux Additions...
         Starting LSB: VirtualBox Linux kernel module...
         Starting LSB: automatic crash report generation...
         Starting Permit User Sessions...
[[0;32m  OK  [0m] Started Apply the settings specified in cloud-config.
[[0;32m  OK  [0m] Started Permit User Sessions.
[[0;32m  OK  [0m] Started Mopidy music server.
[[0;32m  OK  [0m] Started LSB: Set the CPU Frequency Scaling governor to "ondemand".
[[0;32m  OK  [0m] Started LSB: daemon to balance interrupts for SMP systems.
[[0;32m  OK  [0m] Started LSB: automatic crash report generation.
[[0;32m  OK  [0m] Created slice User Slice of ubuntu.
         Starting User Manager for UID 1000...
[[0;32m  OK  [0m] Started Session 1 of user ubuntu.
         Starting Hold until boot process finishes up...
         Starting Terminate Plymouth Boot Screen...
[[0;32m  OK  [0m] Started User Manager for UID 1000.
[[0;32m  OK  [0m] Started LSB: VirtualBox Linux Additions.
[[0;32m  OK  [0m] Started LSB: VirtualBox Linux kernel module.
[[0;32m  OK  [0m] Started Hold until boot process finishes up.
[[0;32m  OK  [0m] Started Terminate Plymouth Boot Screen.
[[0;32m  OK  [0m] Started Getty on tty1.
         Starting Set console scheme...
[[0;32m  OK  [0m] Started Serial Getty on ttyS0.
[[0;32m  OK  [0m] Reached target Login Prompts.
[[0;32m  OK  [0m] Reached target Multi-User System.
         Starting Execute cloud user/final scripts...
         Starting Notify bootloader that boot was successful...
[[0;32m  OK  [0m] Reached target Graphical Interface.
         Starting Update UTMP about System Runlevel Changes...
[[0;32m  OK  [0m] Started Set console scheme.
[[0;32m  OK  [0m] Started Notify bootloader that boot was successful.
[   42.993940] cloud-init[1491]: Cloud-init v. 0.7.8 running 'modules:final' at Mon, 03 Oct 2016 11:16:33 +0000. Up 42.90 seconds.
[   43.108447] cloud-init[1491]: Cloud-init v. 0.7.8 finished at Mon, 03 Oct 2016 11:16:33 +0000. Datasource DataSourceNoCloud [seed=/dev/sdb][dsmode=net].  Up 42.98 seconds
[[0;32m  OK  [0m] Started Update UTMP about System Runlevel Changes.
[[0;32m  OK  [0m] Started Execute cloud user/final scripts.
[[0;32m  OK  [0m] Reached target Cloud-init target.

Ubuntu 16.04.1 LTS ubuntu-xenial ttyS0

ubuntu-xenial login: 